// Jest Snapshot v1, https://goo.gl/fbAQLP

exports[`bar page should render 1`] = `
<div>
  <h2>
    This is Bar page.
  </h2>
  <a
    href="mockURL/hello"
    style="color: red; text-decoration: underline;"
  >
    to [slug] page
  </a>
  <br />
  <a
    href="mockURL/.."
    style="color: red; text-decoration: underline;"
  >
    return to one level above page
  </a>
</div>
`;
